urls.txt

root@89-108-81-8:/home/django/geekshop# siege -f urls.txt -d0 -r20 -c1
** SIEGE 4.0.4
** Preparing 1 concurrent users for battle.
The server is now under siege...
Transactions:                    216 hits
Availability:                 100.00 %
Elapsed time:                   7.98 secs
Data transferred:              22.84 MB
Response time:                  0.04 secs
Transaction rate:              27.07 trans/sec
Throughput:                     2.86 MB/sec
Concurrency:                    0.99
Successful transactions:         216
Failed transactions:               0
Longest transaction:            0.66
Shortest transaction:           0.00


/

root@89-108-81-8:/home/django/geekshop# siege -f urls0.txt -d0 -r20 -c10
** SIEGE 4.0.4
** Preparing 10 concurrent users for battle.
The server is now under siege...
Transactions:                   2060 hits
Availability:                 100.00 %
Elapsed time:                  14.98 secs
Data transferred:              81.45 MB
Response time:                  0.07 secs
Transaction rate:             137.52 trans/sec
Throughput:                     5.44 MB/sec
Concurrency:                    9.77
Successful transactions:        2060
Failed transactions:               0
Longest transaction:            0.93
Shortest transaction:           0.00


/products/

root@89-108-81-8:/home/django/geekshop# siege -f urls0.txt -d0 -r20 -c10
** SIEGE 4.0.4
** Preparing 10 concurrent users for battle.
The server is now under siege...
Transactions:                   3260 hits
Availability:                 100.00 %
Elapsed time:                  29.80 secs
Data transferred:             922.50 MB
Response time:                  0.09 secs
Transaction rate:             109.40 trans/sec
Throughput:                    30.96 MB/sec
Concurrency:                    9.80
Successful transactions:        3260
Failed transactions:               0
Longest transaction:            1.74
Shortest transaction:           0.00


/products/category/1/page/1/

root@89-108-81-8:/home/django/geekshop# siege -f urls0.txt -d0 -r20 -c10
** SIEGE 4.0.4
** Preparing 10 concurrent users for battle.
The server is now under siege...
Transactions:                   2860 hits
Availability:                 100.00 %
Elapsed time:                  30.21 secs
Data transferred:             706.80 MB
Response time:                  0.10 secs
Transaction rate:              94.67 trans/sec
Throughput:                    23.40 MB/sec
Concurrency:                    9.79
Successful transactions:        2860
Failed transactions:               0
Longest transaction:            1.78
Shortest transaction:           0.00


/products/detail/1/

root@89-108-81-8:/home/django/geekshop# siege -f urls0.txt -d0 -r20 -c10
** SIEGE 4.0.4
** Preparing 10 concurrent users for battle.
The server is now under siege...
Transactions:                   2260 hits
Availability:                 100.00 %
Elapsed time:                  25.76 secs
Data transferred:             494.90 MB
Response time:                  0.11 secs
Transaction rate:              87.73 trans/sec
Throughput:                    19.21 MB/sec
Concurrency:                    9.82
Successful transactions:        2260
Failed transactions:               0
Longest transaction:            1.69
Shortest transaction:           0.00


/orders/

root@89-108-81-8:/home/django/geekshop# siege -f urls0.txt -d0 -r20 -c10
** SIEGE 4.0.4
** Preparing 10 concurrent users for battle.
The server is now under siege...
Transactions:                   2230 hits
Availability:                 100.00 %
Elapsed time:                  45.06 secs
Data transferred:              80.15 MB
Response time:                  0.20 secs
Transaction rate:              49.49 trans/sec
Throughput:                     1.78 MB/sec
Concurrency:                    9.81
Successful transactions:        2230
Failed transactions:               0
Longest transaction:            4.06
Shortest transaction:           0.00


/orders/create/

root@89-108-81-8:/home/django/geekshop# siege -f urls0.txt -d0 -r20 -c10
** SIEGE 4.0.4
** Preparing 10 concurrent users for battle.
The server is now under siege...
Transactions:                   2230 hits
Availability:                 100.00 %
Elapsed time:                  83.77 secs
Data transferred:              82.83 MB
Response time:                  0.37 secs
Transaction rate:              26.62 trans/sec
Throughput:                     0.99 MB/sec
Concurrency:                    9.80
Successful transactions:        2230
Failed transactions:               0
Longest transaction:            5.65
Shortest transaction:           0.00


/orders/read/1/

root@89-108-81-8:/home/django/geekshop# siege -f urls0.txt -d0 -r20 -c10
** SIEGE 4.0.4
** Preparing 10 concurrent users for battle.
The server is now under siege...
Transactions:                   3030 hits
Availability:                 100.00 %
Elapsed time:                  74.99 secs
Data transferred:            1123.14 MB
Response time:                  0.24 secs
Transaction rate:              40.41 trans/sec
Throughput:                    14.98 MB/sec
Concurrency:                    9.82
Successful transactions:        3030
Failed transactions:               0
Longest transaction:            4.07
Shortest transaction:           0.00


/orders/update/1/

root@89-108-81-8:/home/django/geekshop# siege -f urls0.txt -d0 -r20 -c10
** SIEGE 4.0.4
** Preparing 10 concurrent users for battle.
The server is now under siege...
Transactions:                   2230 hits
Availability:                 100.00 %
Elapsed time:                 223.71 secs
Data transferred:              93.94 MB
Response time:                  0.98 secs
Transaction rate:               9.97 trans/sec
Throughput:                     0.42 MB/sec
Concurrency:                    9.80
Successful transactions:        2230
Failed transactions:               0
Longest transaction:           12.91
Shortest transaction:           0.00


/users/profile/

root@89-108-81-8:/home/django/geekshop# siege -f urls0.txt -d0 -r20 -c10
** SIEGE 4.0.4
** Preparing 10 concurrent users for battle.
The server is now under siege...
Transactions:                   2230 hits
Availability:                 100.00 %
Elapsed time:                  58.70 secs
Data transferred:              80.49 MB
Response time:                  0.26 secs
Transaction rate:              37.99 trans/sec
Throughput:                     1.37 MB/sec
Concurrency:                    9.84
Successful transactions:        2230
Failed transactions:               0
Longest transaction:            4.20
Shortest transaction:           0.00


/admins/read_products

root@89-108-81-8:/home/django/geekshop# siege -f urls0.txt -d0 -r20 -c10
** SIEGE 4.0.4
** Preparing 10 concurrent users for battle.
The server is now under siege...
Transactions:                   3080 hits
Availability:                 100.00 %
Elapsed time:                  77.67 secs
Data transferred:             163.63 MB
Response time:                  0.25 secs
Transaction rate:              39.65 trans/sec
Throughput:                     2.11 MB/sec
Concurrency:                    9.83
Successful transactions:        3080
Failed transactions:               0
Longest transaction:            4.04
Shortest transaction:           0.00



(env) root@89-108-81-8:/home/django/geekshop# siege -f urls.txt -d0 -r20 -c20
** SIEGE 4.0.4
** Preparing 20 concurrent users for battle.
The server is now under siege...
Transactions:                   5493 hits
Availability:                 100.00 %
Elapsed time:                 125.19 secs
Data transferred:             515.69 MB
Response time:                  0.45 secs
Transaction rate:              43.88 trans/sec
Throughput:                     4.12 MB/sec
Concurrency:                   19.63
Successful transactions:        5493
Failed transactions:               0
Longest transaction:            8.39
Shortest transaction:           0.00

(env) root@89-108-81-8:/home/django/geekshop# siege -f urls.txt -d0 -r32 -c32
** SIEGE 4.0.4
** Preparing 32 concurrent users for battle.
The server is now under siege...
Transactions:                  13408 hits
Availability:                 100.00 %
Elapsed time:                 313.88 secs
Data transferred:            1369.25 MB
Response time:                  0.74 secs
Transaction rate:              42.72 trans/sec
Throughput:                     4.36 MB/sec
Concurrency:                   31.46
Successful transactions:       13408
Failed transactions:               0
Longest transaction:           25.67
Shortest transaction:           0.00

(env) root@89-108-81-8:/home/django/geekshop# siege -f urls.txt -d0 -r16 -c64
** SIEGE 4.0.4
** Preparing 64 concurrent users for battle.
The server is now under siege...
Transactions:                  13568 hits
Availability:                 100.00 %
Elapsed time:                 334.31 secs
Data transferred:            1436.50 MB
Response time:                  1.54 secs
Transaction rate:              40.59 trans/sec
Throughput:                     4.30 MB/sec
Concurrency:                   62.66
Successful transactions:       13568
Failed transactions:               0
Longest transaction:           50.55
Shortest transaction:           0.00

(env) root@89-108-81-8:/home/django/geekshop# siege -f urls.txt -d0 -r8 -c128
** SIEGE 4.0.4
** Preparing 128 concurrent users for battle.
The server is now under siege...Killed

(env) root@89-108-81-8:/home/django/geekshop# siege -f urls.txt -d0 -r12 -c96
** SIEGE 4.0.4
** Preparing 96 concurrent users for battle.
The server is now under siege...
Transactions:                  13678 hits
Availability:                  99.51 %
Elapsed time:                 403.12 secs
Data transferred:            1623.83 MB
Response time:                  2.71 secs
Transaction rate:              33.93 trans/sec
Throughput:                     4.03 MB/sec
Concurrency:                   92.07
Successful transactions:       13678
Failed transactions:              68
Longest transaction:           60.01
Shortest transaction:           0.00

(env) root@89-108-81-8:/home/django/geekshop# siege -f urls.txt -d0 -r10 -c112
** SIEGE 4.0.4
** Preparing 112 concurrent users for battle.
The server is now under siege...
Transactions:                   8593 hits
Availability:                  95.20 %
Elapsed time:                 548.62 secs
Data transferred:            1260.15 MB
Response time:                  6.94 secs
Transaction rate:              15.66 trans/sec
Throughput:                     2.30 MB/sec
Concurrency:                  108.68
Successful transactions:        8593
Failed transactions:             433
Longest transaction:           61.28
Shortest transaction:           0.00

(env) root@89-108-81-8:/home/django/geekshop# siege -f urls.txt -d0 -r9 -c120
** SIEGE 4.0.4
** Preparing 120 concurrent users for battle.
The server is now under siege...Killed
